[digitalcryptominers.com/index.html]
[backblue.gif]
[fade.gif]
[index.html]
[maxcdn.bootstrapcdn.com/bootstrap/3.3.6/css/bootstrap.min.css]
[cdnjs.cloudflare.com/ajax/libs/font-awesome/4.6.3/css/font-awesome.min.css]
[digitalcryptominers.com/style.css]
[digitalcryptominers.com/faqstyle.css]
[digitalcryptominers.com/images/favicon.png]
[digitalcryptominers.com/animate.css]
[digitalcryptominers.com/calcpopupstyle.css]
[digitalcryptominers.com/hover.css]
[digitalcryptominers.com/plan-slide.css]
[digitalcryptominers.com/lity.css]
[digitalcryptominers.com/style-admin.css]
[digitalcryptominers.com/responsive-admin.css]
[digitalcryptominers.com/owl.carousel.min.css]
[digitalcryptominers.com/owl.theme.default.min.css]
[cdnjs.cloudflare.com/ajax/libs/font-awesome/4.7.0/css/font-awesome.min.css]
[use.fontawesome.com/releases/v5.7.2/css/all.css]
[cdnjs.cloudflare.com/ajax/libs/normalize/5.0.0/normalize.min.css]
[digitalcryptominers.com/dot.css]
[ajax.googleapis.com/ajax/libs/jquery/3.3.1/jquery.min.js]
[maxcdn.bootstrapcdn.com/bootstrap/3.3.7/js/bootstrap.min.js]
[code.jquery.com/jquery-latest.min.js]
[digitalcryptominers.com/images/js/calcs.js]
[cdnjs.cloudflare.com/ajax/libs/wow/0.1.12/wow.min.js]
[digitalcryptominers.com/images/js/wow.js]
[digitalcryptominers.com/images/js/countdown.js]
[digitalcryptominers.com/images/js/jquery.min.js]
[digitalcryptominers.com/images/js/owl.carousel.js]
[digitalcryptominers.com/images/js/photo.js]
[cdn.jsdelivr.net/particles.js/2.0.0/particles.min.js]
[threejs.org/examples/js/libs/stats.min.js]
[digitalcryptominers.com/images/time.png]
[widget.time.is/en.js]
[digitalcryptominers.com/images/logo1.png]
[digitalcryptominers.com/images/logo.png]
[digitalcryptominers.com/images/learn1.png]
[digitalcryptominers.com/indexcca3.html]
[digitalcryptominers.com/indexc30b.html]
[digitalcryptominers.com/indexbc14.html]
[digitalcryptominers.com/images/learn2.png]
[digitalcryptominers.com/index1fa7.html]
[digitalcryptominers.com/indexceca.html]
[digitalcryptominers.com/index38cd.html]
[digitalcryptominers.com/images/banner-right.png]
[digitalcryptominers.com/indexa972.html]
[digitalcryptominers.com/images/bitcoin.png]
[digitalcryptominers.com/index15a0.html]
[www.cryptonator.com/ui/js/widget/single_widget.js]
[digitalcryptominers.com/images/Ethereum.png]
[digitalcryptominers.com/images/litecoin.png]
[digitalcryptominers.com/images/bit-cash.png]
[digitalcryptominers.com/images/about-right.png]
[digitalcryptominers.com/images/check.png]
[digitalcryptominers.com/indexda66.html]
[digitalcryptominers.com/images/profit.png]
[digitalcryptominers.com/images/stat.png]
[digitalcryptominers.com/images/sec1.png]
[digitalcryptominers.com/images/sec2.png]
[digitalcryptominers.com/images/sec4.png]
[digitalcryptominers.com/images/sec5.png]
[digitalcryptominers.com/images/sec3.png]
[digitalcryptominers.com/images/sec6.png]
[digitalcryptominers.com/images/48.gif]
[digitalcryptominers.com/images/sign.png]
[digitalcryptominers.com/images/ref.png]
[digitalcryptominers.com/images/pay1.png]
[digitalcryptominers.com/images/pay2.png]
[digitalcryptominers.com/images/pay3.png]
[digitalcryptominers.com/images/pay4.png]
[digitalcryptominers.com/images/pay5.png]
[digitalcryptominers.com/images/pay6.png]
[digitalcryptominers.com/images/di.png]
[digitalcryptominers.com/images/add2.png]
[digitalcryptominers.com/images/add3.png]
[digitalcryptominers.com/images/add4.png]
[digitalcryptominers.com/index.html]
[maxcdn.bootstrapcdn.com/bootstrap/3.3.6/css/bootstrap.min.css]
[cdnjs.cloudflare.com/ajax/libs/font-awesome/4.6.3/css/font-awesome.min.css]
[www.smartsuppchat.com/loaderd41d.js]
[digitalcryptominers.com/fonts/892951b494976f7fd57f5d460c690966.eot]
[digitalcryptominers.com/fonts/892951b494976f7fd57f5d460c690966d41dd41d.eot]
[digitalcryptominers.com/fonts/892951b494976f7fd57f5d460c690966.woff2]
[digitalcryptominers.com/fonts/892951b494976f7fd57f5d460c690966.woff]
[digitalcryptominers.com/fonts/892951b494976f7fd57f5d460c690966.ttf]
[digitalcryptominers.com/fonts/892951b494976f7fd57f5d460c690966.svg]
[digitalcryptominers.com/fonts/39b91cab093750d69a66d6415b99c74b.eot]
[digitalcryptominers.com/fonts/39b91cab093750d69a66d6415b99c74bd41dd41d.eot]
[digitalcryptominers.com/fonts/39b91cab093750d69a66d6415b99c74b.woff2]
[digitalcryptominers.com/fonts/39b91cab093750d69a66d6415b99c74b.woff]
[digitalcryptominers.com/fonts/39b91cab093750d69a66d6415b99c74b.ttf]
[digitalcryptominers.com/fonts/39b91cab093750d69a66d6415b99c74b.svg]
[digitalcryptominers.com/fonts/ae28b5730ba85dc3a4ad1ccfcf376ff0.eot]
[digitalcryptominers.com/fonts/ae28b5730ba85dc3a4ad1ccfcf376ff0d41dd41d.eot]
[digitalcryptominers.com/fonts/ae28b5730ba85dc3a4ad1ccfcf376ff0.woff2]
[digitalcryptominers.com/fonts/ae28b5730ba85dc3a4ad1ccfcf376ff0.woff]
[digitalcryptominers.com/fonts/ae28b5730ba85dc3a4ad1ccfcf376ff0.ttf]
[digitalcryptominers.com/fonts/ae28b5730ba85dc3a4ad1ccfcf376ff0.svg]
[digitalcryptominers.com/fonts/4cbb354d95b874fc23e54846121862b8.eot]
[digitalcryptominers.com/fonts/4cbb354d95b874fc23e54846121862b8d41dd41d.eot]
[digitalcryptominers.com/fonts/4cbb354d95b874fc23e54846121862b8.woff2]
[digitalcryptominers.com/fonts/4cbb354d95b874fc23e54846121862b8.woff]
[digitalcryptominers.com/fonts/4cbb354d95b874fc23e54846121862b8.ttf]
[digitalcryptominers.com/fonts/4cbb354d95b874fc23e54846121862b8.svg]
[digitalcryptominers.com/fonts/6bcca1c90d04ff7d4e2a8ebe6dfdebb5.eot]
[digitalcryptominers.com/fonts/6bcca1c90d04ff7d4e2a8ebe6dfdebb5d41dd41d.eot]
[digitalcryptominers.com/fonts/6bcca1c90d04ff7d4e2a8ebe6dfdebb5.woff2]
[digitalcryptominers.com/fonts/6bcca1c90d04ff7d4e2a8ebe6dfdebb5.woff]
[digitalcryptominers.com/fonts/6bcca1c90d04ff7d4e2a8ebe6dfdebb5.ttf]
[digitalcryptominers.com/fonts/6bcca1c90d04ff7d4e2a8ebe6dfdebb5.svg]
[digitalcryptominers.com/images/san.jpg]
[digitalcryptominers.com/images/banner-bg2.html]
[digitalcryptominers.com/images/banner-bg2.png]
[digitalcryptominers.com/images/logo-bg.png]
[digitalcryptominers.com/images/about-bg.jpg]
[digitalcryptominers.com/images/plan-bg.jpg]
[digitalcryptominers.com/images/last-bg.jpg]
[digitalcryptominers.com/images/ref-bg.png]
[digitalcryptominers.com/images/foot-bg.jpg]
[digitalcryptominers.com/images/disabled.html]
[digitalcryptominers.com/images/enabled.html]
[digitalcryptominers.com/images/bgs.jpg]
[digitalcryptominers.com/images/heading-img1.html]
[digitalcryptominers.com/images/dash.html]
[digitalcryptominers.com/images/banner_10.html]
[digitalcryptominers.com/images/plan_bg.html]
[digitalcryptominers.com/style.css]
[digitalcryptominers.com/faqstyle.css]
[digitalcryptominers.com/animate.css]
[digitalcryptominers.com/calcpopupstyle.html]
[digitalcryptominers.com/hover.html]
[digitalcryptominers.com/plan-slide.html]
[digitalcryptominers.com/lity.css]
[digitalcryptominers.com/images/pay-bg.html]
[digitalcryptominers.com/images/refer-bg.html]
[digitalcryptominers.com/images/dshbxbk0.html]
[digitalcryptominers.com/images/dshbxsdw.html]
[digitalcryptominers.com/images/grey_buildings.html]
[digitalcryptominers.com/images/inner-bg.html]
[digitalcryptominers.com/images/white_curve_bg.html]
[digitalcryptominers.com/images/plan_title_design.html]
[digitalcryptominers.com/images/plan_icon_bg_2.html]
[digitalcryptominers.com/images/plan_icon_bg_1.html]
[digitalcryptominers.com/images/plan_icon_bg_3.html]
[digitalcryptominers.com/style-admin.css]
[digitalcryptominers.com/responsive-admin.css]
[digitalcryptominers.com/owl.video.play.html]
[digitalcryptominers.com/owl.carousel.min.css]
[digitalcryptominers.com/owl.theme.default.min.css]
[cdnjs.cloudflare.com/ajax/libs/font-awesome/4.7.0/css/font-awesome.min.css]
[use.fontawesome.com/releases/v5.7.2/css/all.css]
[cdnjs.cloudflare.com/ajax/libs/normalize/5.0.0/normalize.min.css]
[digitalcryptominers.com/dot.css]
[digitalcryptominers.com/images/js/calcs.js]
[digitalcryptominers.com/images/js/wow.js]
[digitalcryptominers.com/images/js/countdown.js]
[digitalcryptominers.com/images/js/jquery.min.js]
[digitalcryptominers.com/images/js/owl.carousel.js]
[digitalcryptominers.com/images/js/photo.js]
[digitalcryptominers.com/photo.css]
[digitalcryptominers.com/images/q.gif]
[digitalcryptominers.com/images/l_design.png]
[digitalcryptominers.com/indexcca3.html]
[digitalcryptominers.com/indexc30b.html]
[digitalcryptominers.com/indexbc14.html]
[digitalcryptominers.com/index1fa7.html]
[digitalcryptominers.com/index8083.html]
[digitalcryptominers.com/images/stat-bg1.7f.delayed]
[digitalcryptominers.com/images/125x125.gif]
[digitalcryptominers.com/images/468x60.gif]
[digitalcryptominers.com/images/728x90.gif]
[digitalcryptominers.com/index2a73.html]
[digitalcryptominers.com/images/160x600.gif]
[digitalcryptominers.com/images/1200x150.gif]
[digitalcryptominers.com/images/300x250.gif]
[digitalcryptominers.com/indexceca.html]
[cdnjs.cloudflare.com/ajax/libs/jquery/2.1.3/jquery.min.js]
[digitalcryptominers.com/index38cd.html]
[digitalcryptominers.com/indexa972.html]
[digitalcryptominers.com/images/support2.jpg]
[digitalcryptominers.com/index15a0.html]
[digitalcryptominers.com/indexda66.html]
[digitalcryptominers.com/fonts/892951b494976f7fd57f5d460c690966d41dd41d.html]
[digitalcryptominers.com/fonts/892951b494976f7fd57f5d460c690966.svg]
[digitalcryptominers.com/fonts/39b91cab093750d69a66d6415b99c74bd41dd41d.html]
[digitalcryptominers.com/fonts/39b91cab093750d69a66d6415b99c74b.svg]
[digitalcryptominers.com/fonts/ae28b5730ba85dc3a4ad1ccfcf376ff0d41dd41d.html]
[digitalcryptominers.com/fonts/ae28b5730ba85dc3a4ad1ccfcf376ff0.svg]
[digitalcryptominers.com/fonts/4cbb354d95b874fc23e54846121862b8d41dd41d.html]
[digitalcryptominers.com/fonts/4cbb354d95b874fc23e54846121862b8.svg]
[digitalcryptominers.com/fonts/6bcca1c90d04ff7d4e2a8ebe6dfdebb5d41dd41d.html]
[digitalcryptominers.com/fonts/6bcca1c90d04ff7d4e2a8ebe6dfdebb5.svg]
[digitalcryptominers.com/images/banner-bg2.html]
[digitalcryptominers.com/images/disabled.html]
[digitalcryptominers.com/images/enabled.html]
[digitalcryptominers.com/images/heading-img1.html]
[digitalcryptominers.com/images/dash.html]
[digitalcryptominers.com/images/banner_10.html]
[digitalcryptominers.com/images/plan_bg.html]
[digitalcryptominers.com/images/pay-bg.html]
[digitalcryptominers.com/images/refer-bg.html]
[digitalcryptominers.com/images/dshbxbk0.html]
[digitalcryptominers.com/images/dshbxsdw.html]
[digitalcryptominers.com/images/grey_buildings.html]
[digitalcryptominers.com/images/inner-bg.html]
[digitalcryptominers.com/images/white_curve_bg.html]
[digitalcryptominers.com/images/plan_title_design.html]
[digitalcryptominers.com/images/plan_icon_bg_2.html]
[digitalcryptominers.com/images/plan_icon_bg_1.html]
[digitalcryptominers.com/images/plan_icon_bg_3.html]
[digitalcryptominers.com/owl.video.play.html]
[digitalcryptominers.com/images/q.html]
[digitalcryptominers.com/images/l_design.html]
[digitalcryptominers.com/index8083.html]
[digitalcryptominers.com/images/stat-bg1.html]
[digitalcryptominers.com/images/125x125.html]
[digitalcryptominers.com/index2a73.html]
[digitalcryptominers.com/images/468x60.html]
[digitalcryptominers.com/images/728x90.html]
[digitalcryptominers.com/images/160x600.html]
[digitalcryptominers.com/images/1200x150.html]
[digitalcryptominers.com/images/300x250.html]
[digitalcryptominers.com/images/js/faqscript.js]
